------------------------------------------------------------
TimeQuest Timing Analyzer Summary
------------------------------------------------------------

Type  : Setup 'altera_pll_inst|altpll_component|auto_generated|pll1|clk[1]'
Slack : 2.102
TNS   : 0.000

Type  : Setup 'altera_pll_inst|altpll_component|auto_generated|pll1|clk[0]'
Slack : 2.284
TNS   : 0.000

Type  : Hold 'altera_pll_inst|altpll_component|auto_generated|pll1|clk[0]'
Slack : 0.323
TNS   : 0.000

Type  : Hold 'altera_pll_inst|altpll_component|auto_generated|pll1|clk[1]'
Slack : 0.403
TNS   : 0.000

Type  : Recovery 'altera_pll_inst|altpll_component|auto_generated|pll1|clk[0]'
Slack : 11.315
TNS   : 0.000

Type  : Removal 'altera_pll_inst|altpll_component|auto_generated|pll1|clk[0]'
Slack : 2.048
TNS   : 0.000

Type  : Minimum Pulse Width 'altera_pll_inst|altpll_component|auto_generated|pll1|clk[0]'
Slack : 9.707
TNS   : 0.000

Type  : Minimum Pulse Width 'clock'
Slack : 9.819
TNS   : 0.000

Type  : Minimum Pulse Width 'altera_pll_inst|altpll_component|auto_generated|pll1|clk[1]'
Slack : 14.711
TNS   : 0.000

------------------------------------------------------------
